// Jest Snapshot v1, https://goo.gl/fbAQLP

exports[`ErroredPage renders ErroredPage component 1`] = `
<div
  className="page_container"
>
  <div
    className="page_content"
  >
    Errored
  </div>
</div>
`;
