// Jest Snapshot v1, https://goo.gl/fbAQLP

exports[`Input renders Input component 1`] = `
<input
  className="input_base"
  inputMode="numeric"
  onChange={[MockFunction]}
  pattern="[0-9]*"
  style={Object {}}
  type="text"
  value="100.00"
/>
`;
