// Jest Snapshot v1, https://goo.gl/fbAQLP

exports[`ScrollableBlock renders ScrollableBlock component 1`] = `
<Slider
  accessibility={true}
  arrows={false}
  className=""
  dots={true}
  infinite={true}
  slidesToScroll={1}
  slidesToShow={1}
  speed={500}
/>
`;
